// Jest Snapshot v1, https://goo.gl/fbAQLP

exports[`matches snapshot 1`] = `
<h1>
  MUSEUM
</h1>
`;
